// Jest Snapshot v1, https://goo.gl/fbAQLP

exports[`HelloWorld.vue renders props.msg when passed 1`] = `
  <div
    id="app"
  >
    
    <h1>
      new message
    </h1>
    <button>
      count is: 0
    </button>
    <p>
       Edit 
      <code>
        components/HelloWorld.vue
      </code>
       to test hot module replacement. 
    </p>
    
  </div>
`;
